[0m09:33:14.674083 [debug] [MainThread]: Sending event: {'category': 'dbt', 'action': 'invocation', 'label': 'start', 'context': [<snowplow_tracker.self_describing_json.SelfDescribingJson object at 0x000002E36902FC90>, <snowplow_tracker.self_describing_json.SelfDescribingJson object at 0x000002E36455AED0>, <snowplow_tracker.self_describing_json.SelfDescribingJson object at 0x000002E36455A4D0>]}


============================== 09:33:14.682113 | 8c6f443e-557f-480a-8caa-6910ca4694ce ==============================
[0m09:33:14.682113 [info ] [MainThread]: Running with dbt=1.12.0
[0m09:33:14.683124 [debug] [MainThread]: running dbt with arguments {'version_check': 'True', 'no_print': 'None', 'maximum_seed_size_mib': '1', 'target_path': 'None', 'static_parser': 'True', 'warn_error_options': 'WarnErrorOptionsV2(error=[], warn=[], silence=[])', 'printer_width': '80', 'write_json': 'True', 'empty': 'None', 'log_cache_events': 'False', 'introspect': 'True', 'cache_selected_only': 'False', 'fail_fast': 'False', 'debug': 'False', 'log_format': 'default', 'partial_parse': 'True', 'send_anonymous_usage_stats': 'True', 'quiet': 'False', 'warn_error': 'None', 'profiles_dir': '.', 'use_colors': 'True', 'hints_enabled': 'True', 'indirect_selection': 'eager', 'use_experimental_parser': 'False', 'invocation_command': 'dbt debug --profiles-dir .', 'log_path': 'logs'}
[0m09:33:14.716350 [info ] [MainThread]: dbt version: 1.12.0
[0m09:33:14.721718 [info ] [MainThread]: python version: 3.11.15
[0m09:33:14.723459 [info ] [MainThread]: python path: C:\Users\j-ball\Documents\Code\projects\Hotel_Booking_Pipeline\.venv\Scripts\python.exe
[0m09:33:14.723459 [info ] [MainThread]: os info: Windows-10-10.0.26200-SP0
[0m09:33:14.725473 [info ] [MainThread]: Using profiles dir at .
[0m09:33:14.725473 [info ] [MainThread]: Using profiles.yml file at .\profiles.yml
[0m09:33:14.725473 [info ] [MainThread]: Using dbt_project.yml file at C:\Users\j-ball\Documents\Code\projects\Hotel_Booking_Pipeline\dbt_project.yml
[0m09:33:14.727485 [info ] [MainThread]: Configuration:
[0m09:33:14.729495 [info ] [MainThread]:   profiles.yml file [[31mERROR not found[0m]
[0m09:33:14.729495 [info ] [MainThread]:   dbt_project.yml file [[31mERROR not found[0m]
[0m09:33:14.729495 [info ] [MainThread]: Required dependencies:
[0m09:33:14.731542 [debug] [MainThread]: Executing "git --help"
[0m09:33:14.789159 [debug] [MainThread]: STDOUT: "b"usage: git [-v | --version] [-h | --help] [-C <path>] [-c <name>=<value>]\n           [--exec-path[=<path>]] [--html-path] [--man-path] [--info-path]\n           [-p | --paginate | -P | --no-pager] [--no-replace-objects] [--no-lazy-fetch]\n           [--no-optional-locks] [--no-advice] [--bare] [--git-dir=<path>]\n           [--work-tree=<path>] [--namespace=<name>] [--config-env=<name>=<envvar>]\n           <command> [<args>]\n\nThese are common Git commands used in various situations:\n\nstart a working area (see also: git help tutorial)\n   clone      Clone a repository into a new directory\n   init       Create an empty Git repository or reinitialize an existing one\n\nwork on the current change (see also: git help everyday)\n   add        Add file contents to the index\n   mv         Move or rename a file, a directory, or a symlink\n   restore    Restore working tree files\n   rm         Remove files from the working tree and from the index\n\nexamine the history and state (see also: git help revisions)\n   bisect     Use binary search to find the commit that introduced a bug\n   diff       Show changes between commits, commit and working tree, etc\n   grep       Print lines matching a pattern\n   log        Show commit logs\n   show       Show various types of objects\n   status     Show the working tree status\n\ngrow, mark and tweak your common history\n   backfill   Download missing objects in a partial clone\n   branch     List, create, or delete branches\n   commit     Record changes to the repository\n   history    EXPERIMENTAL: Rewrite history\n   merge      Join two or more development histories together\n   rebase     Reapply commits on top of another base tip\n   reset      Set `HEAD` or the index to a known state\n   switch     Switch branches\n   tag        Create, list, delete or verify tags\n\ncollaborate (see also: git help workflows)\n   fetch      Download objects and refs from another repository\n   pull       Fetch from and integrate with another repository or a local branch\n   push       Update remote refs along with associated objects\n\n'git help -a' and 'git help -g' list available subcommands and some\nconcept guides. See 'git help <command>' or 'git help <concept>'\nto read about a specific subcommand or concept.\nSee 'git help git' for an overview of the system.\n""
[0m09:33:14.789159 [debug] [MainThread]: STDERR: "b''"
[0m09:33:14.789159 [info ] [MainThread]:  - git [[32mOK found[0m]

[0m09:33:14.791793 [info ] [MainThread]: Connection test skipped since no profile was found
[0m09:33:14.791793 [info ] [MainThread]: [31m2 checks failed:[0m
[0m09:33:14.793806 [info ] [MainThread]: dbt looked for a profiles.yml file in .\profiles.yml, but did
not find one. For more information on configuring your profile, consult the
documentation:

https://docs.getdbt.com/docs/configure-your-profile


[0m09:33:14.794487 [info ] [MainThread]: Project loading failed for the following reason:
 project path <C:\Users\j-ball\Documents\Code\projects\Hotel_Booking_Pipeline\dbt_project.yml> not found

[0m09:33:14.795500 [debug] [MainThread]: Command `dbt debug` failed at 09:33:14.795500 after 0.28 seconds
[0m09:33:14.795500 [debug] [MainThread]: Sending event: {'category': 'dbt', 'action': 'invocation', 'label': 'end', 'context': [<snowplow_tracker.self_describing_json.SelfDescribingJson object at 0x000002E36902F310>, <snowplow_tracker.self_describing_json.SelfDescribingJson object at 0x000002E36902F0D0>, <snowplow_tracker.self_describing_json.SelfDescribingJson object at 0x000002E36902F3D0>]}
[0m09:33:14.795500 [debug] [MainThread]: Flushing usage events
[0m09:33:15.540722 [debug] [MainThread]: An error was encountered while trying to flush usage events
[0m14:25:30.250150 [debug] [MainThread]: Sending event: {'category': 'dbt', 'action': 'invocation', 'label': 'start', 'context': [<snowplow_tracker.self_describing_json.SelfDescribingJson object at 0x000001C8769BA590>, <snowplow_tracker.self_describing_json.SelfDescribingJson object at 0x000001C87B4E2890>, <snowplow_tracker.self_describing_json.SelfDescribingJson object at 0x000001C87B4E2BD0>]}


============================== 14:25:30.256161 | 5c3d4f4d-1d53-4d17-b81a-b5cbc781e198 ==============================
[0m14:25:30.256161 [info ] [MainThread]: Running with dbt=1.12.0
[0m14:25:30.256161 [debug] [MainThread]: running dbt with arguments {'maximum_seed_size_mib': '1', 'no_print': 'None', 'version_check': 'True', 'target_path': 'None', 'static_parser': 'True', 'warn_error_options': 'WarnErrorOptionsV2(error=[], warn=[], silence=[])', 'printer_width': '80', 'write_json': 'True', 'introspect': 'True', 'log_cache_events': 'False', 'empty': 'False', 'cache_selected_only': 'False', 'log_format': 'default', 'debug': 'False', 'fail_fast': 'False', 'partial_parse': 'True', 'send_anonymous_usage_stats': 'True', 'quiet': 'False', 'warn_error': 'None', 'profiles_dir': '.', 'use_colors': 'True', 'hints_enabled': 'True', 'invocation_command': 'dbt run --select stg_hotel_seasons --profiles-dir .', 'use_experimental_parser': 'False', 'indirect_selection': 'eager', 'log_path': 'logs'}
[0m14:25:30.258173 [error] [MainThread]: [[31mERROR[0m]: Encountered an error:
Runtime Error
  No dbt_project.yml found at expected path C:\Users\j-ball\Documents\Code\projects\Hotel_Booking_Pipeline\dbt_project.yml
  Verify that each entry within packages.yml (and their transitive dependencies) contains a file named dbt_project.yml
  
[0m14:25:30.258173 [debug] [MainThread]: Command `dbt run` failed at 14:25:30.258173 after 0.13 seconds
[0m14:25:30.258173 [debug] [MainThread]: Sending event: {'category': 'dbt', 'action': 'invocation', 'label': 'end', 'context': [<snowplow_tracker.self_describing_json.SelfDescribingJson object at 0x000001C87B42CA50>, <snowplow_tracker.self_describing_json.SelfDescribingJson object at 0x000001C87B4DF490>, <snowplow_tracker.self_describing_json.SelfDescribingJson object at 0x000001C87B4DF710>]}
[0m14:25:30.258173 [debug] [MainThread]: Flushing usage events
[0m14:25:30.941247 [debug] [MainThread]: An error was encountered while trying to flush usage events
